---
source: crates/gpui-storybook-macros/src/lib.rs
expression: snapshot_tokens(expanded)
---
pub struct ButtonStory;
gpui_storybook::__inventory::submit! {
    ::gpui_storybook::__registry::StoryEntry::new("ButtonStory", None, None, | window, cx
    | { ::gpui_storybook::StoryContainer::panel:: < ButtonStory > (window, cx) },
    ::std::env!("CARGO_PKG_NAME"), ::std::env!("CARGO_MANIFEST_DIR"), ::std::file!(),
    ::std::line!(),)
}
