---
source: crates/gpui-storybook-macros/src/lib.rs
assertion_line: 161
expression: snapshot_tokens(expanded)
---
pub struct ButtonStory;
gpui_storybook::__inventory::submit! {
    ::gpui_storybook::__registry::StoryEntry { name : "ButtonStory", section :
    Some("Components"), section_order : None, create_fn : | window, cx | {
    ::gpui_storybook::StoryContainer::panel:: < ButtonStory > (window, cx) }, crate_name
    : ::std::env!("CARGO_PKG_NAME"), crate_dir : ::std::env!("CARGO_MANIFEST_DIR"), file
    : ::std::file!(), line : ::std::line!(), }
}
