---
source: crates/gpui-storybook-macros/src/lib.rs
expression: snapshot_tokens(expanded)
---
pub struct ButtonStory;
#[doc(hidden)]
#[used]
#[unsafe(
    export_name = concat!(
        "__gpui_storybook_story_key__",
        env!("CARGO_PKG_NAME"),
        "__",
        "ButtonStory",
    )
)]
static __gpui_storybook_story_key_marker_ButtonStory: u8 = 0;
gpui_storybook::__inventory::submit! {
    ::gpui_storybook::__registry::StoryEntry::new(concat!(::std::env!("CARGO_PKG_NAME"),
    "-", "ButtonStory"), "ButtonStory", Some("Components"), None, | window, cx | {
    ::gpui_storybook::StoryContainer::panel:: < ButtonStory > (window, cx) },
    ::std::env!("CARGO_PKG_NAME"), ::std::env!("CARGO_MANIFEST_DIR"), ::std::file!(),
    ::std::line!(),)
}
